/usr/lib/python3/dist-packages/requests/__init__.py:87: RequestsDependencyWarning: urllib3 (2.7.0) or chardet (4.0.0) doesn't match a supported version!
  warnings.warn("urllib3 ({}) or chardet ({}) doesn't match a supported "
2026-09-10 12:23:08.189391: E external/local_xla/xla/stream_executor/cuda/cuda_fft.cc:467] Unable to register cuFFT factory: Attempting to register factory for plugin cuFFT when one has already been registered
WARNING: All log messages before absl::InitializeLog() is called are written to STDERR
E0000 00:00:1789042988.209188  356869 cuda_dnn.cc:8579] Unable to register cuDNN factory: Attempting to register factory for plugin cuDNN when one has already been registered
E0000 00:00:1789042988.215639  356869 cuda_blas.cc:1407] Unable to register cuBLAS factory: Attempting to register factory for plugin cuBLAS when one has already been registered
W0000 00:00:1789042988.234820  356869 computation_placer.cc:177] computation placer already registered. Please check linkage and avoid linking the same target more than once.
W0000 00:00:1789042988.234838  356869 computation_placer.cc:177] computation placer already registered. Please check linkage and avoid linking the same target more than once.
W0000 00:00:1789042988.234842  356869 computation_placer.cc:177] computation placer already registered. Please check linkage and avoid linking the same target more than once.
W0000 00:00:1789042988.234845  356869 computation_placer.cc:177] computation placer already registered. Please check linkage and avoid linking the same target more than once.
AttributeError: 'MessageFactory' object has no attribute 'GetPrototype'
AttributeError: 'MessageFactory' object has no attribute 'GetPrototype'
AttributeError: 'MessageFactory' object has no attribute 'GetPrototype'
AttributeError: 'MessageFactory' object has no attribute 'GetPrototype'
AttributeError: 'MessageFactory' object has no attribute 'GetPrototype'
>> No occupation needed
>> USE_CUDA: True, CUDA_DEVICE_NUM: 0
>> Use unified encoder for Improvement and Construction!
>> Use kopt decoder for Improvement!
Number of Parameters: 1642336

======================================================================
                    TEST CONFIGURATION
======================================================================
  Problem:              VRPBLTW (Size: 50, Hardness: hard)
  Checkpoint:           pretrained/CVRPBLTW/CaR-kopt_50/checkpoint.pt
  Test Episodes:        1000 | Batch Size: 128
  Validation Improve Steps: 10
  Soft Constrained:     True
  Improvement Method:   kopt | N2S Decoder: False
  POMO Start:           False | Test POMO Size: 1
  Unified Encoder:       True | Unified Decoder: False
  Eval Type:            argmax
  Sample Size:          1
  Aux Mask:             True
======================================================================

>> TEST dataset vrpbltw50_uniform.pkl
>> TEST 1000 instances.
>> validation eval type:  argmax
Rank 0 >> val construction time:  0.603309154510498
! solution size:  torch.Size([1024, 1, 64])
Rank 0 >> val improvement time:  1.4384498596191406
Rank 0 >> val reconstruction time [w. mask]:  0.18635034561157227
episode 128/1000, Elapsed[0.04m], Remain[0.27m]
Rank 0 >> val construction time:  0.1787865161895752
! solution size:  torch.Size([1024, 1, 65])
Rank 0 >> val improvement time:  1.368194580078125
Rank 0 >> val reconstruction time [w. mask]:  0.19666099548339844
episode 256/1000, Elapsed[0.07m], Remain[0.20m]
Rank 0 >> val construction time:  0.17674875259399414
! solution size:  torch.Size([1024, 1, 64])
Rank 0 >> val improvement time:  1.3298327922821045
Rank 0 >> val reconstruction time [w. mask]:  0.1912403106689453
episode 384/1000, Elapsed[0.10m], Remain[0.16m]
Rank 0 >> val construction time:  0.17751026153564453
! solution size:  torch.Size([1024, 1, 64])
Rank 0 >> val improvement time:  1.3304517269134521
Rank 0 >> val reconstruction time [w. mask]:  0.19475436210632324
episode 512/1000, Elapsed[0.13m], Remain[0.13m]
Rank 0 >> val construction time:  0.17659735679626465
! solution size:  torch.Size([1024, 1, 64])
Rank 0 >> val improvement time:  1.3366281986236572
Rank 0 >> val reconstruction time [w. mask]:  0.19199275970458984
episode 640/1000, Elapsed[0.16m], Remain[0.09m]
Rank 0 >> val construction time:  0.1773388385772705
! solution size:  torch.Size([1024, 1, 64])
Rank 0 >> val improvement time:  1.3405694961547852
Rank 0 >> val reconstruction time [w. mask]:  0.19047284126281738
episode 768/1000, Elapsed[0.19m], Remain[0.06m]
Rank 0 >> val construction time:  0.17660903930664062
! solution size:  torch.Size([1024, 1, 64])
Rank 0 >> val improvement time:  1.336726427078247
Rank 0 >> val reconstruction time [w. mask]:  0.18915152549743652
episode 896/1000, Elapsed[0.22m], Remain[0.03m]
Rank 0 >> val construction time:  0.17469549179077148
! solution size:  torch.Size([832, 1, 65])
Rank 0 >> val improvement time:  1.2502820491790771
Rank 0 >> val reconstruction time [w. mask]:  0.18924665451049805
episode 1000/1000, Elapsed[0.25m], Remain[0.00m]
>> Only feasible solutions are under consideration!
>> Only feasible solutions are under consideration!
>> Load optimal solution from: ./data/CVRPBLTW/or_tools_200s_vrpbltw50_uniform.pkl
Rank 0 >> Val Score on vrpbltw50_uniform.pkl: [Construction] NO_AUG_Score: 15.0113, NO_AUG_Gap: 4.9311% --> AUG_Score: 14.7968, AUG_Gap: 2.1166%; Infeasible rate: 20.975% (solution-level), 3.4% (instance-level)
Rank 0 >> Val Score on vrpbltw50_uniform.pkl: [Improvement] NO_AUG_Score: 14.9727, NO_AUG_Gap: 4.5245% --> AUG_Score: 14.7407, AUG_Gap: 1.732%; Infeasible rate: 18.8% (solution-level), 2.9% (instance-level)
Rank 0 >> Val Score on vrpbltw50_uniform.pkl: [w. mask] NO_AUG_Score: 15.7255, NO_AUG_Gap: 7.7882% --> AUG_Score: 14.865, AUG_Gap: 2.2199%; Infeasible rate: 0.0% (solution-level), 0.0% (instance-level)
>> Evaluation finished within 15.03s

 
*** Test Done on VRPBLTW *** 
 
*** Construction *** 
 NO-AUG SCORE: 15.0113, Gap: 4.9311 
 AUGMENTATION SCORE: 14.7968, Gap: 2.1166 
Solution level Infeasible rate: 20.975%
Instance level Infeasible rate: 3.400%
 
*** Improvement *** 
 NO-AUG SCORE: 14.9727, Gap: 4.5245 
 AUGMENTATION SCORE: 14.7407, Gap: 1.7320 
NO AUG Solution level Infeasible rate: 18.800%
Solution level Infeasible rate: 18.800%
Instance level Infeasible rate: 2.900%
 
*** Re-Construction w. mask *** 
 NO-AUG SCORE: 15.7255, Gap: 7.7882 
 AUGMENTATION SCORE: 14.865, Gap: 2.2199 
Solution level Infeasible rate: 0.000%
Instance level Infeasible rate: 0.000%
>> Appended result row to results/composition/published_car_kopt_levels/n50_t10_bs128.csv
