/usr/lib/python3/dist-packages/requests/__init__.py:87: RequestsDependencyWarning: urllib3 (2.7.0) or chardet (4.0.0) doesn't match a supported version!
  warnings.warn("urllib3 ({}) or chardet ({}) doesn't match a supported "
2026-09-10 13:05:38.783927: E external/local_xla/xla/stream_executor/cuda/cuda_fft.cc:467] Unable to register cuFFT factory: Attempting to register factory for plugin cuFFT when one has already been registered
WARNING: All log messages before absl::InitializeLog() is called are written to STDERR
E0000 00:00:1789045538.803614  362681 cuda_dnn.cc:8579] Unable to register cuDNN factory: Attempting to register factory for plugin cuDNN when one has already been registered
E0000 00:00:1789045538.810045  362681 cuda_blas.cc:1407] Unable to register cuBLAS factory: Attempting to register factory for plugin cuBLAS when one has already been registered
W0000 00:00:1789045538.829371  362681 computation_placer.cc:177] computation placer already registered. Please check linkage and avoid linking the same target more than once.
W0000 00:00:1789045538.829392  362681 computation_placer.cc:177] computation placer already registered. Please check linkage and avoid linking the same target more than once.
W0000 00:00:1789045538.829396  362681 computation_placer.cc:177] computation placer already registered. Please check linkage and avoid linking the same target more than once.
W0000 00:00:1789045538.829399  362681 computation_placer.cc:177] computation placer already registered. Please check linkage and avoid linking the same target more than once.
AttributeError: 'MessageFactory' object has no attribute 'GetPrototype'
AttributeError: 'MessageFactory' object has no attribute 'GetPrototype'
AttributeError: 'MessageFactory' object has no attribute 'GetPrototype'
AttributeError: 'MessageFactory' object has no attribute 'GetPrototype'
AttributeError: 'MessageFactory' object has no attribute 'GetPrototype'
>> No occupation needed
>> USE_CUDA: True, CUDA_DEVICE_NUM: 0
>> Use unified encoder for Improvement and Construction!
>> Use N2S decoder for Improvement!
Number of Parameters: 1722834

======================================================================
                    TEST CONFIGURATION
======================================================================
  Problem:              VRPBLTW (Size: 50, Hardness: hard)
  Checkpoint:           pretrained/CVRPBLTW/CaR-rr_50/checkpoint.pt
  Test Episodes:        1000 | Batch Size: 128
  Validation Improve Steps: 5
  Soft Constrained:     True
  Improvement Method:   rm_n_insert | N2S Decoder: True
  POMO Start:           False | Test POMO Size: 1
  Unified Encoder:       True | Unified Decoder: False
  Eval Type:            argmax
  Sample Size:          1
  Aux Mask:             True
======================================================================

>> TEST dataset vrpbltw50_uniform.pkl
>> TEST 1000 instances.
>> validation eval type:  argmax
Rank 0 >> val construction time:  0.6041266918182373
! solution size:  torch.Size([1024, 1, 64])
Rank 0 >> val improvement time:  0.9160246849060059
Rank 0 >> val reconstruction time [w. mask]:  0.18772268295288086
episode 128/1000, Elapsed[0.03m], Remain[0.21m]
Rank 0 >> val construction time:  0.17894530296325684
! solution size:  torch.Size([1024, 1, 65])
Rank 0 >> val improvement time:  0.8438913822174072
Rank 0 >> val reconstruction time [w. mask]:  0.19568705558776855
episode 256/1000, Elapsed[0.05m], Remain[0.15m]
Rank 0 >> val construction time:  0.17819786071777344
! solution size:  torch.Size([1024, 1, 65])
Rank 0 >> val improvement time:  0.8350920677185059
Rank 0 >> val reconstruction time [w. mask]:  0.1903700828552246
episode 384/1000, Elapsed[0.07m], Remain[0.12m]
Rank 0 >> val construction time:  0.1762864589691162
! solution size:  torch.Size([1024, 1, 64])
Rank 0 >> val improvement time:  0.8221211433410645
Rank 0 >> val reconstruction time [w. mask]:  0.1955573558807373
episode 512/1000, Elapsed[0.10m], Remain[0.09m]
Rank 0 >> val construction time:  0.17705011367797852
! solution size:  torch.Size([1024, 1, 64])
Rank 0 >> val improvement time:  0.8262407779693604
Rank 0 >> val reconstruction time [w. mask]:  0.19131946563720703
episode 640/1000, Elapsed[0.12m], Remain[0.07m]
Rank 0 >> val construction time:  0.17645812034606934
! solution size:  torch.Size([1024, 1, 64])
Rank 0 >> val improvement time:  0.8280789852142334
Rank 0 >> val reconstruction time [w. mask]:  0.18813300132751465
episode 768/1000, Elapsed[0.14m], Remain[0.04m]
Rank 0 >> val construction time:  0.1761484146118164
! solution size:  torch.Size([1024, 1, 64])
Rank 0 >> val improvement time:  0.825477123260498
Rank 0 >> val reconstruction time [w. mask]:  0.18834257125854492
episode 896/1000, Elapsed[0.16m], Remain[0.02m]
Rank 0 >> val construction time:  0.17482852935791016
! solution size:  torch.Size([832, 1, 65])
Rank 0 >> val improvement time:  0.745659351348877
Rank 0 >> val reconstruction time [w. mask]:  0.18610572814941406
episode 1000/1000, Elapsed[0.18m], Remain[0.00m]
>> Only feasible solutions are under consideration!
>> Only feasible solutions are under consideration!
>> Load optimal solution from: ./data/CVRPBLTW/or_tools_200s_vrpbltw50_uniform.pkl
Rank 0 >> Val Score on vrpbltw50_uniform.pkl: [Construction] NO_AUG_Score: 15.1498, NO_AUG_Gap: 4.9446% --> AUG_Score: 14.8422, AUG_Gap: 2.2325%; Infeasible rate: 17.725% (solution-level), 2.6% (instance-level)
Rank 0 >> Val Score on vrpbltw50_uniform.pkl: [Improvement] NO_AUG_Score: 14.9818, NO_AUG_Gap: 3.6065% --> AUG_Score: 14.6877, AUG_Gap: 1.0533%; Infeasible rate: 10.625% (solution-level), 1.3% (instance-level)
Rank 0 >> Val Score on vrpbltw50_uniform.pkl: [w. mask] NO_AUG_Score: 15.391, NO_AUG_Gap: 5.6631% --> AUG_Score: 14.7256, AUG_Gap: 1.3247%; Infeasible rate: 0.0% (solution-level), 0.0% (instance-level)
>> Evaluation finished within 10.92s

 
*** Test Done on VRPBLTW *** 
 
*** Construction *** 
 NO-AUG SCORE: 15.1498, Gap: 4.9446 
 AUGMENTATION SCORE: 14.8422, Gap: 2.2325 
Solution level Infeasible rate: 17.725%
Instance level Infeasible rate: 2.600%
 
*** Improvement *** 
 NO-AUG SCORE: 14.9818, Gap: 3.6065 
 AUGMENTATION SCORE: 14.6877, Gap: 1.0533 
NO AUG Solution level Infeasible rate: 10.800%
Solution level Infeasible rate: 10.625%
Instance level Infeasible rate: 1.300%
 
*** Re-Construction w. mask *** 
 NO-AUG SCORE: 15.391, Gap: 5.6631 
 AUGMENTATION SCORE: 14.7256, Gap: 1.3247 
Solution level Infeasible rate: 0.000%
Instance level Infeasible rate: 0.000%
>> Appended result row to results/composition/published_car_rr_levels/n50_t5_bs128.csv
