/usr/lib/python3/dist-packages/requests/__init__.py:87: RequestsDependencyWarning: urllib3 (2.7.0) or chardet (4.0.0) doesn't match a supported version!
  warnings.warn("urllib3 ({}) or chardet ({}) doesn't match a supported "
2026-09-10 13:06:28.818793: E external/local_xla/xla/stream_executor/cuda/cuda_fft.cc:467] Unable to register cuFFT factory: Attempting to register factory for plugin cuFFT when one has already been registered
WARNING: All log messages before absl::InitializeLog() is called are written to STDERR
E0000 00:00:1789045588.838539  364013 cuda_dnn.cc:8579] Unable to register cuDNN factory: Attempting to register factory for plugin cuDNN when one has already been registered
E0000 00:00:1789045588.844975  364013 cuda_blas.cc:1407] Unable to register cuBLAS factory: Attempting to register factory for plugin cuBLAS when one has already been registered
W0000 00:00:1789045588.864216  364013 computation_placer.cc:177] computation placer already registered. Please check linkage and avoid linking the same target more than once.
W0000 00:00:1789045588.864239  364013 computation_placer.cc:177] computation placer already registered. Please check linkage and avoid linking the same target more than once.
W0000 00:00:1789045588.864242  364013 computation_placer.cc:177] computation placer already registered. Please check linkage and avoid linking the same target more than once.
W0000 00:00:1789045588.864245  364013 computation_placer.cc:177] computation placer already registered. Please check linkage and avoid linking the same target more than once.
AttributeError: 'MessageFactory' object has no attribute 'GetPrototype'
AttributeError: 'MessageFactory' object has no attribute 'GetPrototype'
AttributeError: 'MessageFactory' object has no attribute 'GetPrototype'
AttributeError: 'MessageFactory' object has no attribute 'GetPrototype'
AttributeError: 'MessageFactory' object has no attribute 'GetPrototype'
>> No occupation needed
>> USE_CUDA: True, CUDA_DEVICE_NUM: 0
>> Use unified encoder for Improvement and Construction!
>> Use N2S decoder for Improvement!
Number of Parameters: 1722834

======================================================================
                    TEST CONFIGURATION
======================================================================
  Problem:              VRPBLTW (Size: 50, Hardness: hard)
  Checkpoint:           pretrained/CVRPBLTW/CaR-rr_50/checkpoint.pt
  Test Episodes:        1000 | Batch Size: 128
  Validation Improve Steps: 20
  Soft Constrained:     True
  Improvement Method:   rm_n_insert | N2S Decoder: True
  POMO Start:           False | Test POMO Size: 1
  Unified Encoder:       True | Unified Decoder: False
  Eval Type:            argmax
  Sample Size:          1
  Aux Mask:             True
======================================================================

>> TEST dataset vrpbltw50_uniform.pkl
>> TEST 1000 instances.
>> validation eval type:  argmax
Rank 0 >> val construction time:  0.5993068218231201
! solution size:  torch.Size([1024, 1, 64])
Rank 0 >> val improvement time:  3.2765564918518066
Rank 0 >> val reconstruction time [w. mask]:  0.18659400939941406
episode 128/1000, Elapsed[0.07m], Remain[0.48m]
Rank 0 >> val construction time:  0.17783737182617188
! solution size:  torch.Size([1024, 1, 65])
Rank 0 >> val improvement time:  3.2491660118103027
Rank 0 >> val reconstruction time [w. mask]:  0.195143461227417
episode 256/1000, Elapsed[0.13m], Remain[0.38m]
Rank 0 >> val construction time:  0.1778247356414795
! solution size:  torch.Size([1024, 1, 65])
Rank 0 >> val improvement time:  3.2522077560424805
Rank 0 >> val reconstruction time [w. mask]:  0.18991804122924805
episode 384/1000, Elapsed[0.19m], Remain[0.31m]
Rank 0 >> val construction time:  0.17560100555419922
! solution size:  torch.Size([1024, 1, 64])
Rank 0 >> val improvement time:  3.2015511989593506
Rank 0 >> val reconstruction time [w. mask]:  0.19477510452270508
episode 512/1000, Elapsed[0.26m], Remain[0.24m]
Rank 0 >> val construction time:  0.17578339576721191
! solution size:  torch.Size([1024, 1, 64])
Rank 0 >> val improvement time:  3.1925904750823975
Rank 0 >> val reconstruction time [w. mask]:  0.18994760513305664
episode 640/1000, Elapsed[0.32m], Remain[0.18m]
Rank 0 >> val construction time:  0.1757214069366455
! solution size:  torch.Size([1024, 1, 64])
Rank 0 >> val improvement time:  3.2003374099731445
Rank 0 >> val reconstruction time [w. mask]:  0.18761801719665527
episode 768/1000, Elapsed[0.38m], Remain[0.11m]
Rank 0 >> val construction time:  0.17579364776611328
! solution size:  torch.Size([1024, 1, 64])
Rank 0 >> val improvement time:  3.204620838165283
Rank 0 >> val reconstruction time [w. mask]:  0.18720459938049316
episode 896/1000, Elapsed[0.44m], Remain[0.05m]
Rank 0 >> val construction time:  0.17333030700683594
! solution size:  torch.Size([832, 1, 65])
Rank 0 >> val improvement time:  2.889751434326172
Rank 0 >> val reconstruction time [w. mask]:  0.18421006202697754
episode 1000/1000, Elapsed[0.50m], Remain[0.00m]
>> Only feasible solutions are under consideration!
>> Only feasible solutions are under consideration!
>> Load optimal solution from: ./data/CVRPBLTW/or_tools_200s_vrpbltw50_uniform.pkl
Rank 0 >> Val Score on vrpbltw50_uniform.pkl: [Construction] NO_AUG_Score: 15.1498, NO_AUG_Gap: 4.9446% --> AUG_Score: 14.8422, AUG_Gap: 2.2325%; Infeasible rate: 17.725% (solution-level), 2.6% (instance-level)
Rank 0 >> Val Score on vrpbltw50_uniform.pkl: [Improvement] NO_AUG_Score: 14.868, NO_AUG_Gap: 2.6225% --> AUG_Score: 14.5729, AUG_Gap: 0.2513%; Infeasible rate: 8.725% (solution-level), 1.0% (instance-level)
Rank 0 >> Val Score on vrpbltw50_uniform.pkl: [w. mask] NO_AUG_Score: 15.2328, NO_AUG_Gap: 4.6006% --> AUG_Score: 14.6008, AUG_Gap: 0.4709%; Infeasible rate: 0.0% (solution-level), 0.0% (instance-level)
>> Evaluation finished within 29.74s

 
*** Test Done on VRPBLTW *** 
 
*** Construction *** 
 NO-AUG SCORE: 15.1498, Gap: 4.9446 
 AUGMENTATION SCORE: 14.8422, Gap: 2.2325 
Solution level Infeasible rate: 17.725%
Instance level Infeasible rate: 2.600%
 
*** Improvement *** 
 NO-AUG SCORE: 14.868, Gap: 2.6225 
 AUGMENTATION SCORE: 14.5729, Gap: 0.2513 
NO AUG Solution level Infeasible rate: 9.300%
Solution level Infeasible rate: 8.725%
Instance level Infeasible rate: 1.000%
 
*** Re-Construction w. mask *** 
 NO-AUG SCORE: 15.2328, Gap: 4.6006 
 AUGMENTATION SCORE: 14.6008, Gap: 0.4709 
Solution level Infeasible rate: 0.000%
Instance level Infeasible rate: 0.000%
>> Appended result row to results/composition/published_car_rr_levels/n50_t20_bs128.csv
