/usr/lib/python3/dist-packages/requests/__init__.py:87: RequestsDependencyWarning: urllib3 (2.7.0) or chardet (4.0.0) doesn't match a supported version!
  warnings.warn("urllib3 ({}) or chardet ({}) doesn't match a supported "
2026-09-10 12:06:06.446321: E external/local_xla/xla/stream_executor/cuda/cuda_fft.cc:467] Unable to register cuFFT factory: Attempting to register factory for plugin cuFFT when one has already been registered
WARNING: All log messages before absl::InitializeLog() is called are written to STDERR
E0000 00:00:1789041966.465999  349621 cuda_dnn.cc:8579] Unable to register cuDNN factory: Attempting to register factory for plugin cuDNN when one has already been registered
E0000 00:00:1789041966.472421  349621 cuda_blas.cc:1407] Unable to register cuBLAS factory: Attempting to register factory for plugin cuBLAS when one has already been registered
W0000 00:00:1789041966.491586  349621 computation_placer.cc:177] computation placer already registered. Please check linkage and avoid linking the same target more than once.
W0000 00:00:1789041966.491608  349621 computation_placer.cc:177] computation placer already registered. Please check linkage and avoid linking the same target more than once.
W0000 00:00:1789041966.491612  349621 computation_placer.cc:177] computation placer already registered. Please check linkage and avoid linking the same target more than once.
W0000 00:00:1789041966.491615  349621 computation_placer.cc:177] computation placer already registered. Please check linkage and avoid linking the same target more than once.
AttributeError: 'MessageFactory' object has no attribute 'GetPrototype'
AttributeError: 'MessageFactory' object has no attribute 'GetPrototype'
AttributeError: 'MessageFactory' object has no attribute 'GetPrototype'
AttributeError: 'MessageFactory' object has no attribute 'GetPrototype'
AttributeError: 'MessageFactory' object has no attribute 'GetPrototype'
>> No occupation needed
>> USE_CUDA: True, CUDA_DEVICE_NUM: 0
>> Use unified encoder for Improvement and Construction!
Number of Parameters: 1256469

======================================================================
                    TEST CONFIGURATION
======================================================================
  Problem:              VRPBLTW (Size: 100, Hardness: hard)
  Checkpoint:           results/pomo_eval_ep1000/train_pomo_soft_interface/epoch-1000.pt
  Test Episodes:        1000 | Batch Size: 64
  Validation Improve Steps: 0
  Soft Constrained:     True
  Improvement Method:   kopt | N2S Decoder: False
  POMO Start:           True | Test POMO Size: 1
  Unified Encoder:       True | Unified Decoder: False
  Eval Type:            argmax
  Sample Size:          1
  Aux Mask:             True
======================================================================

>> TEST dataset vrpbltw100_uniform.pkl
>> TEST 1000 instances.
>> validation eval type:  argmax
Rank 0 >> val construction time:  4.159024477005005
Rank 0 >> val reconstruction time [w. mask]:  2.5985519886016846
episode  64/1000, Elapsed[0.12m], Remain[1.68m]
Rank 0 >> val construction time:  3.6660850048065186
Rank 0 >> val reconstruction time [w. mask]:  2.5783822536468506
episode 128/1000, Elapsed[0.22m], Remain[1.53m]
Rank 0 >> val construction time:  3.6865501403808594
Rank 0 >> val reconstruction time [w. mask]:  2.6326589584350586
episode 192/1000, Elapsed[0.33m], Remain[1.39m]
Rank 0 >> val construction time:  3.6720292568206787
Rank 0 >> val reconstruction time [w. mask]:  2.600036859512329
episode 256/1000, Elapsed[0.44m], Remain[1.28m]
Rank 0 >> val construction time:  3.6544811725616455
Rank 0 >> val reconstruction time [w. mask]:  2.5891873836517334
episode 320/1000, Elapsed[0.55m], Remain[1.16m]
Rank 0 >> val construction time:  3.666123151779175
Rank 0 >> val reconstruction time [w. mask]:  2.5761256217956543
episode 384/1000, Elapsed[0.65m], Remain[1.05m]
Rank 0 >> val construction time:  3.669008493423462
Rank 0 >> val reconstruction time [w. mask]:  2.6097311973571777
episode 448/1000, Elapsed[0.76m], Remain[0.94m]
Rank 0 >> val construction time:  3.6960432529449463
Rank 0 >> val reconstruction time [w. mask]:  2.5993030071258545
episode 512/1000, Elapsed[0.87m], Remain[0.83m]
Rank 0 >> val construction time:  3.666217803955078
Rank 0 >> val reconstruction time [w. mask]:  2.6005196571350098
episode 576/1000, Elapsed[0.98m], Remain[0.72m]
Rank 0 >> val construction time:  3.687865734100342
Rank 0 >> val reconstruction time [w. mask]:  2.6279807090759277
episode 640/1000, Elapsed[1.09m], Remain[0.61m]
Rank 0 >> val construction time:  3.685633897781372
Rank 0 >> val reconstruction time [w. mask]:  2.6360199451446533
episode 704/1000, Elapsed[1.20m], Remain[0.50m]
Rank 0 >> val construction time:  3.6717207431793213
Rank 0 >> val reconstruction time [w. mask]:  2.6113898754119873
episode 768/1000, Elapsed[1.30m], Remain[0.39m]
Rank 0 >> val construction time:  3.6670475006103516
Rank 0 >> val reconstruction time [w. mask]:  2.5898284912109375
episode 832/1000, Elapsed[1.41m], Remain[0.28m]
Rank 0 >> val construction time:  3.6708385944366455
Rank 0 >> val reconstruction time [w. mask]:  2.60107684135437
episode 896/1000, Elapsed[1.52m], Remain[0.18m]
Rank 0 >> val construction time:  3.6808414459228516
Rank 0 >> val reconstruction time [w. mask]:  2.6273508071899414
episode 960/1000, Elapsed[1.62m], Remain[0.07m]
Rank 0 >> val construction time:  2.3701891899108887
Rank 0 >> val reconstruction time [w. mask]:  1.7237837314605713
episode 1000/1000, Elapsed[1.70m], Remain[0.00m]
>> Only feasible solutions are under consideration!
>> Only feasible solutions are under consideration!
>> Load optimal solution from: ./data/CVRPBLTW/or_tools_400s_vrpbltw100_uniform.pkl
Rank 0 >> Val Score on vrpbltw100_uniform.pkl: [Construction] NO_AUG_Score: 26.1094, NO_AUG_Gap: 4.2642% --> AUG_Score: 25.5609, AUG_Gap: 2.0867%; Infeasible rate: 2.605% (solution-level), 0.0% (instance-level)
Rank 0 >> Val Score on vrpbltw100_uniform.pkl: [w. mask] NO_AUG_Score: 26.108, NO_AUG_Gap: 4.2568% --> AUG_Score: 25.5603, AUG_Gap: 2.0834%; Infeasible rate: 0.0% (solution-level), 0.0% (instance-level)
>> Evaluation finished within 101.88s

 
*** Test Done on VRPBLTW *** 
 
*** Construction *** 
 NO-AUG SCORE: 26.1094, Gap: 4.2642 
 AUGMENTATION SCORE: 25.5609, Gap: 2.0867 
Solution level Infeasible rate: 2.605%
Instance level Infeasible rate: 0.000%
 
*** Re-Construction w. mask *** 
 NO-AUG SCORE: 26.108, Gap: 4.2568 
 AUGMENTATION SCORE: 25.5603, Gap: 2.0834 
Solution level Infeasible rate: 0.000%
Instance level Infeasible rate: 0.000%
>> Appended result row to results/composition/ep1000_compact/n100_bs64.csv
